// Vitest Snapshot v1, https://vitest.dev/guide/snapshot.html

exports[`should generate Nav.vue snapshot 1`] = `"<div>1234</div>"`;
